// Jest Snapshot v1, https://goo.gl/fbAQLP

exports[`AppAboutModal 1`] = `
<AboutModal
  appendTo={null}
  backgroundImageSrc=""
  brandImageAlt="Logo"
  brandImageSrc="logo-navbar.svg"
  className=""
  isOpen={true}
  noAboutModalBoxContentContainer={false}
  onClose={[MockFunction]}
  productName=""
  trademark="COPYRIGHT Â© 2020."
>
  <TextContent
    className="pf-u-py-xl"
  >
    <h4>
      About
    </h4>
    <p>
      <a
        href="https://project-openubl.github.io/"
        rel="noopener noreferrer"
        target="_blank"
      >
        XSender server
      </a>
       
      allows you to automatize the process of sending your XML files to the SUNAT.
    </p>
  </TextContent>
  <TextContent>
    <h4>
      Links
    </h4>
    <List>
      <ListItem>
        <a
          href="https://project-openubl.github.io/"
          rel="noopener noreferrer"
          target="_blank"
        >
          Website
        </a>
      </ListItem>
      <ListItem>
        <a
          href="https://project-openubl.github.io/"
          rel="noopener noreferrer"
          target="_blank"
        >
          Documentation
        </a>
      </ListItem>
    </List>
  </TextContent>
  <div
    className="pf-c-about-modal-box__strapline"
  >
    <Flex>
      <FlexItem>
        <a
          href="https://github.com/project-openubl/xsender-server"
          rel="noopener noreferrer"
          target="_blank"
        >
          <i>
            <GithubIcon
              color="currentColor"
              noVerticalAlign={false}
              size="sm"
            />
          </i>
           
          Source
        </a>
      </FlexItem>
      <FlexItem>
        <a
          href="https://projectopenubl.zulipchat.com/"
          rel="noopener noreferrer"
          target="_blank"
        >
          <i>
            <GlobeIcon
              color="currentColor"
              noVerticalAlign={false}
              size="sm"
            />
          </i>
           
          Discussion forum
        </a>
      </FlexItem>
      <FlexItem>
        <a
          href="mailto:projectopenubl+subscribe@googlegroups.com?subject=Subscribe&body=Hello"
        >
          <i>
            <EnvelopeIcon
              color="currentColor"
              noVerticalAlign={false}
              size="sm"
            />
          </i>
           
          Mailing list
        </a>
      </FlexItem>
      <FlexItem>
        <a
          href="https://github.com/project-openubl/xsender-server/issues"
          rel="noopener noreferrer"
          target="_blank"
        >
          <i>
            <InfoAltIcon
              color="currentColor"
              noVerticalAlign={false}
              size="sm"
            />
          </i>
           
          Issue tracking
        </a>
      </FlexItem>
    </Flex>
  </div>
</AboutModal>
`;
