// Jest Snapshot v1, https://goo.gl/fbAQLP

exports[`CompanyDetails Renders without crashing 1`] = `
<Card>
  <CardTitle>
    Detalle
  </CardTitle>
  <CardBody>
    <DescriptionList>
      <DescriptionListGroup>
        <DescriptionListTerm>
          RUC
        </DescriptionListTerm>
        <DescriptionListDescription />
      </DescriptionListGroup>
      <DescriptionListGroup>
        <DescriptionListTerm>
          Nombre
        </DescriptionListTerm>
        <DescriptionListDescription>
          my company
        </DescriptionListDescription>
      </DescriptionListGroup>
      <DescriptionListGroup>
        <DescriptionListTerm>
          Descripci√≥n
        </DescriptionListTerm>
        <DescriptionListDescription>
          my description
        </DescriptionListDescription>
      </DescriptionListGroup>
    </DescriptionList>
  </CardBody>
</Card>
`;
